--------------------------------------------------------------------------------
Release 14.7 Trace  (nt64)
Copyright (c) 1995-2013 Xilinx, Inc.  All rights reserved.

C:\Xilinx\14.7\ISE_DS\ISE\bin\nt64\unwrapped\trce.exe -intstyle ise -v 3 -s 3
-n 3 -fastpaths -xml TopModule_6.twx TopModule_6.ncd -o TopModule_6.twr
TopModule_6.pcf -ucf Nexys4DDR_XC7A100T_ISE-Template.ucf

Design file:              TopModule_6.ncd
Physical constraint file: TopModule_6.pcf
Device,package,speed:     xc7a100t,csg324,C,-3 (PRODUCTION 1.10 2013-10-13)
Report level:             verbose report

Environment Variable      Effect 
--------------------      ------ 
NONE                      No environment variables were set
--------------------------------------------------------------------------------

INFO:Timing:2698 - No timing constraints found, doing default enumeration.
INFO:Timing:3412 - To improve timing, see the Timing Closure User Guide (UG612).
INFO:Timing:2752 - To get complete path coverage, use the unconstrained paths 
   option. All paths that are not constrained will be reported in the 
   unconstrained paths section(s) of the report.
INFO:Timing:3339 - The clock-to-out numbers in this timing report are based on 
   a 50 Ohm transmission line loading model.  For the details of this model, 
   and for more information on accounting for different loading conditions, 
   please see the device datasheet.



Data Sheet report:
-----------------
All values displayed in nanoseconds (ns)

Setup/Hold to clock clk
------------+------------+------------+------------+------------+------------------+--------+
            |Max Setup to|  Process   |Max Hold to |  Process   |                  | Clock  |
Source      | clk (edge) |   Corner   | clk (edge) |   Corner   |Internal Clock(s) | Phase  |
------------+------------+------------+------------+------------+------------------+--------+
reset       |    2.387(R)|      SLOW  |    0.147(R)|      SLOW  |clk_BUFGP         |   0.000|
------------+------------+------------+------------+------------+------------------+--------+

Clock to Setup on destination clock clk
---------------+---------+---------+---------+---------+
               | Src:Rise| Src:Fall| Src:Rise| Src:Fall|
Source Clock   |Dest:Rise|Dest:Rise|Dest:Fall|Dest:Fall|
---------------+---------+---------+---------+---------+
clk            |    4.118|         |         |         |
---------------+---------+---------+---------+---------+

Pad to Pad
---------------+---------------+---------+
Source Pad     |Destination Pad|  Delay  |
---------------+---------------+---------+
ALU_OP<0>      |a              |   13.587|
ALU_OP<0>      |b              |   13.168|
ALU_OP<0>      |c              |   13.503|
ALU_OP<0>      |d              |   14.165|
ALU_OP<0>      |e              |   12.514|
ALU_OP<0>      |f              |   13.074|
ALU_OP<0>      |g              |   12.827|
ALU_OP<1>      |a              |   13.367|
ALU_OP<1>      |b              |   12.948|
ALU_OP<1>      |c              |   13.283|
ALU_OP<1>      |d              |   13.945|
ALU_OP<1>      |e              |   12.294|
ALU_OP<1>      |f              |   12.854|
ALU_OP<1>      |g              |   12.607|
ALU_OP<2>      |a              |   12.153|
ALU_OP<2>      |b              |   11.734|
ALU_OP<2>      |c              |   12.069|
ALU_OP<2>      |d              |   12.731|
ALU_OP<2>      |e              |   11.080|
ALU_OP<2>      |f              |   11.640|
ALU_OP<2>      |g              |   11.393|
ALU_OP<3>      |a              |   11.879|
ALU_OP<3>      |b              |   11.460|
ALU_OP<3>      |c              |   11.795|
ALU_OP<3>      |d              |   12.457|
ALU_OP<3>      |e              |   10.806|
ALU_OP<3>      |f              |   11.366|
ALU_OP<3>      |g              |   11.119|
R_Adr<0>       |a              |   13.927|
R_Adr<0>       |b              |   13.508|
R_Adr<0>       |c              |   13.843|
R_Adr<0>       |d              |   14.505|
R_Adr<0>       |e              |   12.854|
R_Adr<0>       |f              |   13.414|
R_Adr<0>       |g              |   13.167|
R_Adr<1>       |a              |   14.477|
R_Adr<1>       |b              |   14.058|
R_Adr<1>       |c              |   14.393|
R_Adr<1>       |d              |   15.055|
R_Adr<1>       |e              |   13.404|
R_Adr<1>       |f              |   13.964|
R_Adr<1>       |g              |   13.717|
R_Adr<2>       |a              |   14.706|
R_Adr<2>       |b              |   14.287|
R_Adr<2>       |c              |   14.622|
R_Adr<2>       |d              |   15.284|
R_Adr<2>       |e              |   13.633|
R_Adr<2>       |f              |   14.193|
R_Adr<2>       |g              |   13.946|
S_Adr<0>       |a              |   13.534|
S_Adr<0>       |b              |   13.115|
S_Adr<0>       |c              |   13.450|
S_Adr<0>       |d              |   14.112|
S_Adr<0>       |e              |   12.461|
S_Adr<0>       |f              |   13.021|
S_Adr<0>       |g              |   12.774|
S_Adr<1>       |a              |   14.818|
S_Adr<1>       |b              |   14.399|
S_Adr<1>       |c              |   14.734|
S_Adr<1>       |d              |   15.396|
S_Adr<1>       |e              |   13.745|
S_Adr<1>       |f              |   14.305|
S_Adr<1>       |g              |   14.058|
S_Adr<2>       |a              |   16.681|
S_Adr<2>       |b              |   16.262|
S_Adr<2>       |c              |   16.597|
S_Adr<2>       |d              |   17.259|
S_Adr<2>       |e              |   15.608|
S_Adr<2>       |f              |   16.168|
S_Adr<2>       |g              |   15.921|
S_Sel          |a              |   15.061|
S_Sel          |b              |   14.642|
S_Sel          |c              |   14.977|
S_Sel          |d              |   15.639|
S_Sel          |e              |   13.988|
S_Sel          |f              |   14.548|
S_Sel          |g              |   14.301|
---------------+---------------+---------+


Analysis completed Fri Apr 06 20:28:12 2018 
--------------------------------------------------------------------------------

Trace Settings:
-------------------------
Trace Settings 

Peak Memory Usage: 708 MB



